// Jest Snapshot v1, https://goo.gl/fbAQLP

exports[`<ArticleIndex /> renders article index 1`] = `
<ArticleIndex
  articleDisplayMode="card"
  articlePagination={Object {}}
  articles={Array []}
  articlesLoaderMode="infinite"
  classes={
    Object {
      "grid": "ArticleIndex-grid-2",
      "root": "ArticleIndex-root-1",
    }
  }
  fetchArticles={[Function]}
  isFetching={false}
  params={Object {}}
  setCurrentTags={[Function]}
  store={
    Object {
      "dispatch": [Function],
      "getState": [Function],
      "replaceReducer": [Function],
      "subscribe": [Function],
      Symbol(observable): [Function],
    }
  }
  storeSubscription={
    Subscription {
      "listeners": Object {
        "clear": [Function],
        "get": [Function],
        "notify": [Function],
        "subscribe": [Function],
      },
      "onStateChange": [Function],
      "parentSub": undefined,
      "store": Object {
        "dispatch": [Function],
        "getState": [Function],
        "replaceReducer": [Function],
        "subscribe": [Function],
        Symbol(observable): [Function],
      },
      "unsubscribe": [Function],
    }
  }
  updateArticleOrder={[Function]}
/>
`;
