// Jest Snapshot v1, https://goo.gl/fbAQLP

exports[`<HomePage /> renders home page 1`] = `
Array [
  <WithStyles(CssBaseline) />,
  <Provider
    store={
      Object {
        "dispatch": [Function],
        "getState": [Function],
        "replaceReducer": [Function],
        "subscribe": [Function],
        Symbol(observable): [Function],
      }
    }
  >
    <BrowserRouter>
      <withRouter(PasteManager)>
        <withRouter(ScrollBackManager)>
          <ErrorBoundary
            errorMessage="Une erreur est survenue lors de l'affichage du composant. Merci de recharger la page."
            errorTitle="Impossible d'afficher le menu"
            errorType="text"
          >
            <withRouter(Connect(WithStyles(HeaderLayoutHome)))
              permanentRoutes={
                Array [
                  Object {
                    "component": [Function],
                    "path": "search",
                  },
                ]
              }
            />
          </ErrorBoundary>
          <ErrorBoundary
            errorMessage="Une erreur est survenue lors de l'affichage du composant. Merci de recharger la page."
            errorTitle="Impossible d'afficher le composant"
            errorType="card"
          >
            <WithStyles(MainLayoutHome)
              permanentRoutes={
                Array [
                  Object {
                    "component": [Function],
                    "path": "new-article",
                  },
                  Object {
                    "component": [Function],
                    "path": "new-topic",
                  },
                ]
              }
              routes={
                Array [
                  Object {
                    "component": [Function],
                    "exact": true,
                    "path": "/",
                  },
                  Object {
                    "component": [Function],
                    "hasBreadcrumb": false,
                    "path": "/search",
                  },
                  Object {
                    "component": [Function],
                    "exact": true,
                    "path": "/tags/:tagSlug",
                  },
                  Object {
                    "component": [Function],
                    "exact": true,
                    "path": "/tags",
                  },
                  Object {
                    "component": [Function],
                    "exact": false,
                    "path": "/tagged/:tagSlug/:childTagSlug?",
                  },
                  Object {
                    "component": [Function],
                    "exact": true,
                    "path": "/users/:userSlug/topics/:topicSlug",
                  },
                  Object {
                    "component": [Function],
                    "exact": true,
                    "path": "/users/:userSlug/topics/:topicSlug/tags",
                  },
                  Object {
                    "component": [Function],
                    "exact": true,
                    "path": "/users/:userSlug",
                  },
                  Object {
                    "component": [Function],
                    "exact": true,
                    "path": "/users/:userSlug/articles/:articleSlug",
                  },
                  Object {
                    "component": [Function],
                    "path": "/404",
                  },
                ]
              }
            />
          </ErrorBoundary>
          <ErrorBoundary
            errorMessage="Une erreur est survenue lors de l'affichage du composant. Merci de recharger la page."
            errorTitle="Impossible d'afficher le bas de page"
            errorType="text"
          >
            <withRouter(WithStyles(FooterLayoutHome)) />
          </ErrorBoundary>
        </withRouter(ScrollBackManager)>
      </withRouter(PasteManager)>
    </BrowserRouter>
  </Provider>,
]
`;
